exit status 0xc0000139
FAIL	coursera/hw7_microservice	0.118s
